// Jest Snapshot v1, https://goo.gl/fbAQLP

exports[`generate nextmd from a file tree 1`] = `
Object {
  "fallback": false,
  "paths": Array [
    Object {
      "params": Object {
        "nextmd": Array [
          "about",
        ],
      },
    },
    Object {
      "params": Object {
        "nextmd": Array [
          "b",
        ],
      },
    },
    Object {
      "params": Object {
        "nextmd": Array [
          "blog",
        ],
      },
    },
    Object {
      "params": Object {
        "nextmd": Array [
          "blog",
          "post-1",
        ],
      },
    },
    Object {
      "params": Object {
        "nextmd": Array [
          "blog",
          "post-2",
        ],
      },
    },
    Object {
      "params": Object {
        "nextmd": Array [
          "blog",
          "post-3",
        ],
      },
    },
    Object {
      "params": Object {
        "nextmd": Array [
          "path",
          "c",
        ],
      },
    },
    Object {
      "params": Object {
        "nextmd": Array [
          "path",
          "to",
          "e",
        ],
      },
    },
    Object {
      "params": Object {
        "nextmd": Array [
          "path",
          "to",
          "f",
        ],
      },
    },
  ],
}
`;
